[unicoderbd.com/theme/html/homex/index-1.html]
[unicoderbd.com/theme/html/homex/images/favicon.ico]
[backblue.gif]
[fade.gif]
[index.html]
[unicoderbd.com/theme/html/homex/images/settings.png]
[unicoderbd.com/theme/html/homex/images/logo/logo.png]
[unicoderbd.com/theme/html/homex/faq.html]
[unicoderbd.com/theme/html/homex/index.html]
[unicoderbd.com/theme/html/homex/index-2.html]
[unicoderbd.com/theme/html/homex/index-3.html]
[unicoderbd.com/theme/html/homex/index-4.html]
[unicoderbd.com/theme/html/homex/index-5.html]
[unicoderbd.com/theme/html/homex/index-6.html]
[unicoderbd.com/theme/html/homex/index-7.html]
[unicoderbd.com/theme/html/homex/comming-soon.html]
[unicoderbd.com/theme/html/homex/property-agents-grid.html]
[unicoderbd.com/theme/html/homex/property-agents-list.html]
[unicoderbd.com/theme/html/homex/agent-search.html]
[unicoderbd.com/theme/html/homex/agent-list-search.html]
[unicoderbd.com/theme/html/homex/agent-details.html]
[unicoderbd.com/theme/html/homex/property-grid-sidebar-left.html]
[unicoderbd.com/theme/html/homex/property-grid-sidebar-right.html]
[unicoderbd.com/theme/html/homex/property-grid-full.html]
[unicoderbd.com/theme/html/homex/property-list-sidebar-left.html]
[unicoderbd.com/theme/html/homex/property-list-sidebar-right.html]
[unicoderbd.com/theme/html/homex/property-list-full.html]
[unicoderbd.com/theme/html/homex/property-list-map.html]
[unicoderbd.com/theme/html/homex/property-grid-map.html]
[unicoderbd.com/theme/html/homex/property-grid-simple-search.html]
[unicoderbd.com/theme/html/homex/property-list-simple-search.html]
[unicoderbd.com/theme/html/homex/property-single-1.html]
[unicoderbd.com/theme/html/homex/property-single-2.html]
[unicoderbd.com/theme/html/homex/property-single-3.html]
[unicoderbd.com/theme/html/homex/property-single-4.html]
[unicoderbd.com/theme/html/homex/property-search-grid.html]
[unicoderbd.com/theme/html/homex/property-search-list.html]
[unicoderbd.com/theme/html/homex/dashboard-personal-info.html]
[unicoderbd.com/theme/html/homex/dashboard-profile-setting.html]
[unicoderbd.com/theme/html/homex/dashboard-change-password.html]
[unicoderbd.com/theme/html/homex/dashboard-social-media.html]
[unicoderbd.com/theme/html/homex/dashboard-massanger.html]
[unicoderbd.com/theme/html/homex/content-left-sidebar.html]
[unicoderbd.com/theme/html/homex/content-right-sidebar.html]
[unicoderbd.com/theme/html/homex/content-both-sidebar.html]
[unicoderbd.com/theme/html/homex/submit-property.html]
[unicoderbd.com/theme/html/homex/about.html]
[unicoderbd.com/theme/html/homex/blog.html]
[unicoderbd.com/theme/html/homex/blog-details.html]
[unicoderbd.com/theme/html/homex/services.html]
[unicoderbd.com/theme/html/homex/service-details.html]
[unicoderbd.com/theme/html/homex/reviews.html]
[unicoderbd.com/theme/html/homex/pricing-table.html]
[unicoderbd.com/theme/html/homex/login.html]
[unicoderbd.com/theme/html/homex/forgot-password.html]
[unicoderbd.com/theme/html/homex/timeline.html]
[unicoderbd.com/theme/html/homex/compare.html]
[unicoderbd.com/theme/html/homex/dashboard-booking.html]
[unicoderbd.com/theme/html/homex/dashboard-purchase.html]
[unicoderbd.com/theme/html/homex/dashboard-submit-property.html]
[unicoderbd.com/theme/html/homex/dashboard-system-setting.html]
[unicoderbd.com/theme/html/homex/dashboard-comment.html]
[unicoderbd.com/theme/html/homex/dashboard-favorite.html]
[unicoderbd.com/theme/html/homex/dashboard-invoice.html]
[unicoderbd.com/theme/html/homex/dashboard-message.html]
[unicoderbd.com/theme/html/homex/dashboard-tax-info.html]
[unicoderbd.com/theme/html/homex/error.html]
[unicoderbd.com/theme/html/homex/images/slider/01.jpg]
[unicoderbd.com/theme/html/homex/images/thumbnail/01.jpg]
[unicoderbd.com/theme/html/homex/images/thumbnail/02.jpg]
[unicoderbd.com/theme/html/homex/images/thumbnail/03.jpg]
[unicoderbd.com/theme/html/homex/images/haddyliving.jpg]
[unicoderbd.com/theme/html/homex/images/thumbnail4/1.jpg]
[unicoderbd.com/theme/html/homex/images/thumbnail4/2.jpg]
[unicoderbd.com/theme/html/homex/images/thumbnail4/3.jpg]
[unicoderbd.com/theme/html/homex/images/thumbnail4/4.jpg]
[unicoderbd.com/theme/html/homex/images/blog/01.jpg]
[unicoderbd.com/theme/html/homex/images/blog/02.jpg]
[unicoderbd.com/theme/html/homex/images/blog/03.jpg]
[unicoderbd.com/theme/html/homex/index-1.html]
[unicoderbd.com/theme/html/homex/css/bootstrap.min.css]
[unicoderbd.com/theme/html/homex/css/bootstrap-slider.css]
[unicoderbd.com/theme/html/homex/css/jquery-ui.css]
[unicoderbd.com/theme/html/homex/images/icon-muted-white.png]
[unicoderbd.com/theme/html/homex/images/icon-unmuted-white.png]
[unicoderbd.com/theme/html/homex/css/layerslider.css]
[unicoderbd.com/theme/html/homex/css/color.css]
[unicoderbd.com/theme/html/homex/css/owl.carousel.min.css]
[unicoderbd.com/theme/html/homex/css/font-awesome.min.css]
[unicoderbd.com/theme/html/homex/fonts/flaticon/flaticon.css]
[unicoderbd.com/theme/html/homex/images/bg-image/bg-1.jpg]
[unicoderbd.com/theme/html/homex/images/bg-image/bg-2.jpg]
[unicoderbd.com/theme/html/homex/images/bg-image/bg-3.jpg]
[unicoderbd.com/theme/html/homex/images/bg-image/pattern/1.png]
[unicoderbd.com/theme/html/homex/images/bg-image/pattern/2.png]
[unicoderbd.com/theme/html/homex/images/bg-image/pattern/3.png]
[unicoderbd.com/theme/html/homex/images/bg-image/pattern/4.png]
[unicoderbd.com/theme/html/homex/images/bg-image/pattern/5.png]
[unicoderbd.com/theme/html/homex/images/bg-image/pattern/6.png]
[unicoderbd.com/theme/html/homex/images/bg-image/pattern/7.png]
[unicoderbd.com/theme/html/homex/images/bg-image/pattern/8.png]
[unicoderbd.com/theme/html/homex/images/bg-image/pattern/9.png]
[unicoderbd.com/theme/html/homex/images/bg-image/pattern/10.png]
[unicoderbd.com/theme/html/homex/images/bg-image/pattern/11.png]
[unicoderbd.com/theme/html/homex/images/bg-image/pattern/12.png]
[unicoderbd.com/theme/html/homex/images/bg-image/pattern/13.png]
[unicoderbd.com/theme/html/homex/images/bg-image/pattern/14.png]
[unicoderbd.com/theme/html/homex/images/bg-image/pattern/15.png]
[unicoderbd.com/theme/html/homex/images/comming-soon-bg.png]
[unicoderbd.com/theme/html/homex/css/style.css]
[unicoderbd.com/theme/html/homex/faq.html]
[unicoderbd.com/theme/html/homex/images/bg-image/landing-bg.png]
[unicoderbd.com/theme/html/homex/images/preview/1.png]
[unicoderbd.com/theme/html/homex/images/preview/2.png]
[unicoderbd.com/theme/html/homex/images/preview/3.png]
[unicoderbd.com/theme/html/homex/images/preview/4.png]
[unicoderbd.com/theme/html/homex/images/preview/5.png]
[unicoderbd.com/theme/html/homex/images/preview/6.png]
[unicoderbd.com/theme/html/homex/images/preview/7.png]
[unicoderbd.com/theme/html/homex/images/preview/40.png]
[unicoderbd.com/theme/html/homex/images/preview/8.png]
[unicoderbd.com/theme/html/homex/images/preview/9.png]
[unicoderbd.com/theme/html/homex/images/preview/10.png]
[unicoderbd.com/theme/html/homex/images/preview/11.png]
[unicoderbd.com/theme/html/homex/images/preview/12.png]
[unicoderbd.com/theme/html/homex/images/preview/13.png]
[unicoderbd.com/theme/html/homex/images/preview/14.png]
[unicoderbd.com/theme/html/homex/images/preview/15.png]
[unicoderbd.com/theme/html/homex/images/preview/20.png]
[unicoderbd.com/theme/html/homex/dashboard-listing.html]
[unicoderbd.com/theme/html/homex/images/preview/21.png]
[unicoderbd.com/theme/html/homex/images/preview/22.png]
[unicoderbd.com/theme/html/homex/images/preview/23.png]
[unicoderbd.com/theme/html/homex/images/preview/24.png]
[unicoderbd.com/theme/html/homex/images/preview/25.png]
[unicoderbd.com/theme/html/homex/images/preview/26.png]
[unicoderbd.com/theme/html/homex/images/preview/27.png]
[unicoderbd.com/theme/html/homex/images/preview/16.png]
[unicoderbd.com/theme/html/homex/images/preview/17.png]
[unicoderbd.com/theme/html/homex/images/preview/18.png]
[unicoderbd.com/theme/html/homex/images/preview/19.png]
[unicoderbd.com/theme/html/homex/images/preview/28.png]
[unicoderbd.com/theme/html/homex/images/preview/29.png]
[unicoderbd.com/theme/html/homex/images/preview/30.png]
[unicoderbd.com/theme/html/homex/images/preview/31.png]
[unicoderbd.com/theme/html/homex/images/preview/32.png]
[unicoderbd.com/theme/html/homex/images/preview/33.png]
[unicoderbd.com/theme/html/homex/images/preview/34.png]
[unicoderbd.com/theme/html/homex/images/preview/35.png]
[unicoderbd.com/theme/html/homex/images/preview/36.png]
[unicoderbd.com/theme/html/homex/images/preview/37.png]
[unicoderbd.com/theme/html/homex/images/preview/38.png]
[unicoderbd.com/theme/html/homex/images/preview/39.png]
[unicoderbd.com/theme/html/homex/images/icon/1.png]
[unicoderbd.com/theme/html/homex/images/icon/2.png]
[unicoderbd.com/theme/html/homex/images/icon/3.png]
[unicoderbd.com/theme/html/homex/images/icon/4.png]
[unicoderbd.com/theme/html/homex/images/icon/5.png]
[unicoderbd.com/theme/html/homex/images/icon/6.png]
[unicoderbd.com/theme/html/homex/images/icon/7.png]
[unicoderbd.com/theme/html/homex/images/icon/8.png]
[unicoderbd.com/theme/html/homex/images/icon/9.png]
[unicoderbd.com/theme/html/homex/images/icon/10.png]
[unicoderbd.com/theme/html/homex/images/icon/11.png]
[unicoderbd.com/theme/html/homex/images/icon/12.png]
[unicoderbd.com/theme/html/homex/index.html]
[unicoderbd.com/theme/html/homex/images/logo/logo-white.png]
[unicoderbd.com/theme/html/homex/images/slider/02.jpg]
[unicoderbd.com/theme/html/homex/images/slider/03.jpg]
[unicoderbd.com/theme/html/homex/images/investment.png]
[unicoderbd.com/theme/html/homex/images/thumbnail5/1.jpg]
[unicoderbd.com/theme/html/homex/images/thumbnail5/2.jpg]
[unicoderbd.com/theme/html/homex/images/thumbnail5/3.jpg]
[unicoderbd.com/theme/html/homex/images/making.jpg]
[unicoderbd.com/theme/html/homex/index-2.html]
[unicoderbd.com/theme/html/homex/images/main-bg.jpg]
[unicoderbd.com/theme/html/homex/images/duplex-design.png]
[unicoderbd.com/theme/html/homex/images/condos-pool.png]
[unicoderbd.com/theme/html/homex/images/layout.png]
[unicoderbd.com/theme/html/homex/images/thumbnail/04.jpg]
[unicoderbd.com/theme/html/homex/images/thumbnail/05.jpg]
[unicoderbd.com/theme/html/homex/images/thumbnail/06.jpg]
[unicoderbd.com/theme/html/homex/images/thumbnail2/01.jpg]
[unicoderbd.com/theme/html/homex/images/thumbnail2/02.jpg]
[unicoderbd.com/theme/html/homex/images/thumbnail2/03.jpg]
[unicoderbd.com/theme/html/homex/images/thumbnail2/04.jpg]
[unicoderbd.com/theme/html/homex/index-3.html]
[unicoderbd.com/theme/html/homex/images/home5.jpg]
[unicoderbd.com/theme/html/homex/images/slider/gallery-1.jpg]
[unicoderbd.com/theme/html/homex/images/slider/gallery-3.jpg]
[unicoderbd.com/theme/html/homex/images/slider/gallery-2.jpg]
[unicoderbd.com/theme/html/homex/images/slider/gallery-4.jpg]
[unicoderbd.com/theme/html/homex/images/slider/gallery-5.jpg]
[unicoderbd.com/theme/html/homex/images/slider/gallery-6.jpg]
[unicoderbd.com/theme/html/homex/images/slider/gallery-7.jpg]
[unicoderbd.com/theme/html/homex/images/slider/flash.png]
[unicoderbd.com/theme/html/homex/images/slider/corinne.jpg]
[unicoderbd.com/theme/html/homex/images/slider/wake.jpg]
[unicoderbd.com/theme/html/homex/images/slider/rosie.jpg]
[unicoderbd.com/theme/html/homex/images/counterbg.jpg]
[unicoderbd.com/theme/html/homex/images/massagetwo.jpg]
[unicoderbd.com/theme/html/homex/images/partner/1.png]
[unicoderbd.com/theme/html/homex/images/partner/2.png]
[unicoderbd.com/theme/html/homex/images/partner/3.png]
[unicoderbd.com/theme/html/homex/images/partner/4.png]
[unicoderbd.com/theme/html/homex/images/partner/5.png]
[unicoderbd.com/theme/html/homex/index-4.html]
[unicoderbd.com/theme/html/homex/images/banner/1.jpg]
[unicoderbd.com/theme/html/homex/images/team/01.jpg]
[unicoderbd.com/theme/html/homex/images/team/02.jpg]
[unicoderbd.com/theme/html/homex/images/team/03.jpg]
[unicoderbd.com/theme/html/homex/index-5.html]
[unicoderbd.com/theme/html/homex/images/slider/04.jpg]
[unicoderbd.com/theme/html/homex/images/slider/05.jpg]
[unicoderbd.com/theme/html/homex/images/slider/06.jpg]
[unicoderbd.com/theme/html/homex/index-6.html]
[unicoderbd.com/theme/html/homex/index-7.html]
[unicoderbd.com/theme/html/homex/images/vacation.png]
[unicoderbd.com/theme/html/homex/comming-soon.html]
[unicoderbd.com/theme/html/homex/images/team/04.jpg]
[unicoderbd.com/theme/html/homex/images/team/05.jpg]
[unicoderbd.com/theme/html/homex/images/team/06.jpg]
[unicoderbd.com/theme/html/homex/images/team/07.jpg]
[unicoderbd.com/theme/html/homex/images/team/08.jpg]
[unicoderbd.com/theme/html/homex/images/team/09.jpg]
[unicoderbd.com/theme/html/homex/images/team/10.jpg]
[unicoderbd.com/theme/html/homex/images/team/11.jpg]
[unicoderbd.com/theme/html/homex/images/team/12.jpg]
[unicoderbd.com/theme/html/homex/property-agents-grid.html]
[unicoderbd.com/theme/html/homex/property-agents-list.html]
[unicoderbd.com/theme/html/homex/agent-search.html]
[unicoderbd.com/theme/html/homex/agent-list-search.html]
[unicoderbd.com/theme/html/homex/images/user/02.jpg]
[unicoderbd.com/theme/html/homex/agent-details.html]
[unicoderbd.com/theme/html/homex/images/thumbnaillist/01.jpg]
[unicoderbd.com/theme/html/homex/images/thumbnaillist/02.jpg]
[unicoderbd.com/theme/html/homex/images/thumbnaillist/03.jpg]
[unicoderbd.com/theme/html/homex/images/thumbnaillist/04.jpg]
[unicoderbd.com/theme/html/homex/property-grid-sidebar-left.html]
[unicoderbd.com/theme/html/homex/property-grid-sidebar-right.html]
[unicoderbd.com/theme/html/homex/property-grid-full.html]
[unicoderbd.com/theme/html/homex/images/thumbnaillist/05.jpg]
[unicoderbd.com/theme/html/homex/images/thumbnaillist/06.jpg]
[unicoderbd.com/theme/html/homex/property-list-sidebar-left.html]
[unicoderbd.com/theme/html/homex/property-list-sidebar-right.html]
[unicoderbd.com/theme/html/homex/property-list-full.html]
[unicoderbd.com/theme/html/homex/property-list-map.html]
[unicoderbd.com/theme/html/homex/property-grid-map.html]
[unicoderbd.com/theme/html/homex/property-grid-simple-search.html]
[unicoderbd.com/theme/html/homex/property-list-simple-search.html]
[unicoderbd.com/theme/html/homex/images/house-floor-plan.png]
[unicoderbd.com/theme/html/homex/images/video.jpg]
[unicoderbd.com/theme/html/homex/images/user/01.jpg]
[unicoderbd.com/theme/html/homex/property-single-1.html]
[unicoderbd.com/theme/html/homex/property-single-2.html]
[unicoderbd.com/theme/html/homex/property-single-3.html]
[unicoderbd.com/theme/html/homex/property-single-4.html]
[unicoderbd.com/theme/html/homex/property-search-grid.html]
[unicoderbd.com/theme/html/homex/property-search-list.html]
[unicoderbd.com/theme/html/homex/images/logo/logo-icon.png]
[unicoderbd.com/theme/html/homex/dashboard-featured.html]
[unicoderbd.com/theme/html/homex/dashboard-offer.html]
[unicoderbd.com/theme/html/homex/images/dashboard/4.png]
[unicoderbd.com/theme/html/homex/dashboard-personal-info.html]
[unicoderbd.com/theme/html/homex/dashboard-profile-setting.html]
[unicoderbd.com/theme/html/homex/dashboard-change-password.html]
[unicoderbd.com/theme/html/homex/dashboard-social-media.html]
[unicoderbd.com/theme/html/homex/dashboard-massanger.html]
[unicoderbd.com/theme/html/homex/content-left-sidebar.html]
[unicoderbd.com/theme/html/homex/content-right-sidebar.html]
[unicoderbd.com/theme/html/homex/content-both-sidebar.html]
[unicoderbd.com/theme/html/homex/submit-property.html]
[unicoderbd.com/theme/html/homex/blog-grid-classic.html]
[unicoderbd.com/theme/html/homex/images/about/02.png]
[unicoderbd.com/theme/html/homex/images/about/01.png]
[unicoderbd.com/theme/html/homex/about.html]
[unicoderbd.com/theme/html/homex/blog.html]
[unicoderbd.com/theme/html/homex/images/blog/1.png]
[unicoderbd.com/theme/html/homex/images/blog/details/1.png]
[unicoderbd.com/theme/html/homex/images/blog/details/2.png]
[unicoderbd.com/theme/html/homex/images/blog/details/3.png]
[unicoderbd.com/theme/html/homex/blog-details.html]
[unicoderbd.com/theme/html/homex/services.html]
[unicoderbd.com/theme/html/homex/images/services/01.jpg]
[unicoderbd.com/theme/html/homex/service-details.html]
[unicoderbd.com/theme/html/homex/reviews.html]
[unicoderbd.com/theme/html/homex/pricing-table.html]
[unicoderbd.com/theme/html/homex/login.html]
[unicoderbd.com/theme/html/homex/forgot-password.html]
[unicoderbd.com/theme/html/homex/timeline.html]
[unicoderbd.com/theme/html/homex/compare.html]
[unicoderbd.com/theme/html/homex/dashboard-booking.html]
[unicoderbd.com/theme/html/homex/dashboard-purchase.html]
[unicoderbd.com/theme/html/homex/dashboard-submit-property.html]
[unicoderbd.com/theme/html/homex/dashboard-system-setting.html]
[unicoderbd.com/theme/html/homex/dashboard-comment.html]
[unicoderbd.com/theme/html/homex/dashboard-favorite.html]
[unicoderbd.com/theme/html/homex/dashboard-invoice.html]
[unicoderbd.com/theme/html/homex/dashboard-message.html]
[unicoderbd.com/theme/html/homex/dashboard-tax-info.html]
[unicoderbd.com/theme/html/homex/error.html]
[unicoderbd.com/theme/html/homex/js/jquery.min.js]
[unicoderbd.com/theme/html/homex/js/greensock.js]
[unicoderbd.com/theme/html/homex/js/layerslider.transitions.js]
[unicoderbd.com/theme/html/homex/js/layerslider.kreaturamedia.jquery.js]
[unicoderbd.com/theme/html/homex/js/popper.min.js]
[unicoderbd.com/theme/html/homex/js/bootstrap.min.js]
[unicoderbd.com/theme/html/homex/js/owl.carousel.min.js]
[unicoderbd.com/theme/html/homex/js/tmpl.js]
[unicoderbd.com/theme/html/homex/js/jquery.dependClass-0.1.js]
[unicoderbd.com/theme/html/homex/js/draggable-0.1.js]
[unicoderbd.com/theme/html/homex/js/jquery.slider.js]
[unicoderbd.com/theme/html/homex/js/wow.js]
[unicoderbd.com/theme/html/homex/js/YouTubePopUp.jquery.js]
[unicoderbd.com/theme/html/homex/js/validate.js]
[unicoderbd.com/theme/html/homex/js/jquery.cookie.js]
[unicoderbd.com/theme/html/homex/js/custom.js]
[unicoderbd.com/theme/html/homex/css/images/ui-bg_flat_75_ffffff_40x100.html]
[unicoderbd.com/theme/html/homex/css/images/ui-bg_highlight-soft_75_cccccc_1x100.html]
[unicoderbd.com/theme/html/homex/css/images/ui-bg_glass_75_e6e6e6_1x400.html]
[unicoderbd.com/theme/html/homex/css/images/ui-bg_glass_75_dadada_1x400.html]
[unicoderbd.com/theme/html/homex/css/images/ui-bg_glass_65_ffffff_1x400.html]
[unicoderbd.com/theme/html/homex/css/images/ui-bg_glass_55_fbf9ee_1x400.html]
[unicoderbd.com/theme/html/homex/css/images/ui-bg_glass_95_fef1ec_1x400.html]
[unicoderbd.com/theme/html/homex/css/images/ui-icons_222222_256x240.html]
[unicoderbd.com/theme/html/homex/css/images/ui-icons_888888_256x240.html]
[unicoderbd.com/theme/html/homex/css/images/ui-icons_454545_256x240.html]
[unicoderbd.com/theme/html/homex/css/images/ui-icons_2e83ff_256x240.html]
[unicoderbd.com/theme/html/homex/css/images/ui-icons_cd0a0a_256x240.html]
[unicoderbd.com/theme/html/homex/css/images/ui-bg_flat_0_aaaaaa_40x100.html]
[unicoderbd.com/theme/html/homex/css/owl.video.play.html]
[unicoderbd.com/theme/html/homex/webfonts/fa-brands-400.html]
[unicoderbd.com/theme/html/homex/webfonts/fa-brands-400d41d.html]
[unicoderbd.com/theme/html/homex/webfonts/fa-brands-401.html]
[unicoderbd.com/theme/html/homex/webfonts/fa-brands-402.html]
[unicoderbd.com/theme/html/homex/webfonts/fa-brands-403.html]
[unicoderbd.com/theme/html/homex/webfonts/fa-brands-400.svg]
[unicoderbd.com/theme/html/homex/webfonts/fa-regular-400.html]
[unicoderbd.com/theme/html/homex/webfonts/fa-regular-400d41d.html]
[unicoderbd.com/theme/html/homex/webfonts/fa-regular-401.html]
[unicoderbd.com/theme/html/homex/webfonts/fa-regular-402.html]
[unicoderbd.com/theme/html/homex/webfonts/fa-regular-400.svg]
[unicoderbd.com/theme/html/homex/webfonts/fa-solid-900.html]
[unicoderbd.com/theme/html/homex/webfonts/fa-solid-900d41d.html]
[unicoderbd.com/theme/html/homex/webfonts/fa-solid-901.html]
[unicoderbd.com/theme/html/homex/webfonts/fa-solid-902.html]
[unicoderbd.com/theme/html/homex/webfonts/fa-solid-900.svg]
[unicoderbd.com/theme/html/homex/fonts/flaticon/Flaticon.html]
[unicoderbd.com/theme/html/homex/fonts/flaticon/Flaticond41d.html]
[unicoderbd.com/theme/html/homex/fonts/flaticon/Flaticon-2.html]
[unicoderbd.com/theme/html/homex/fonts/flaticon/Flaticon-3.html]
[unicoderbd.com/theme/html/homex/fonts/flaticon/Flaticon.svg]
[unicoderbd.com/theme/html/homex/images/bg-image/bg-4.html]
[unicoderbd.com/theme/html/homex/images/bg-image/bg-5.html]
[unicoderbd.com/theme/html/homex/images/bg-image/bg-6.html]
[unicoderbd.com/theme/html/homex/images/bg-image/bg-7.html]
[unicoderbd.com/theme/html/homex/images/bg-image/bg-8.html]
[unicoderbd.com/theme/html/homex/images/bg-image/bg-9.html]
[unicoderbd.com/theme/html/homex/images/bg-image/bg-10.html]
[unicoderbd.com/theme/html/homex/images/fancybox/fancybox_loading.html]
[unicoderbd.com/theme/html/homex/award.html]
[unicoderbd.com/theme/html/homex/testimonial.html]
[unicoderbd.com/theme/html/homex/sliderbottom.html]
[unicoderbd.com/theme/html/homex/dashboard-listing.html]
[unicoderbd.com/theme/html/homex/sservice-details.html]
[unicoderbd.com/theme/html/homex/js/map/markerwithlabel_packed.js]
[unicoderbd.com/theme/html/homex/js/map/infobox.js]
[unicoderbd.com/theme/html/homex/js/map/custom-map.js]
[unicoderbd.com/theme/html/homex/js/jquery.countdown.js]
[unicoderbd.com/theme/html/homex/dashboard-featured.html]
[unicoderbd.com/theme/html/homex/dashboard-offer.html]
[unicoderbd.com/theme/html/homex/js/chart.min.js]
[unicoderbd.com/theme/html/homex/js/YouTubePopUchart.min.html]
[unicoderbd.com/theme/html/homex/Version/index.html]
[unicoderbd.com/theme/html/homex/q9/index.html]
[unicoderbd.com/theme/html/homex/7n_/2T.3p.5J/2G/2T.html]
[unicoderbd.com/theme/html/homex/4b/index.html]
[unicoderbd.com/theme/html/homex/k4_/index.html]
[unicoderbd.com/theme/html/homex/7n_/index.html]
[unicoderbd.com/theme/html/homex/rU rV go rW @ 7n_/5R.gg.5J/index.html]
[unicoderbd.com/theme/html/homex/1O/5R.1O.html]
[unicoderbd.com/theme/html/homex/k2_/index.html]
[unicoderbd.com/theme/html/homex/popper.html]
[unicoderbd.com/theme/html/homex/webfonts/fa-regular-400.woff2]
[unicoderbd.com/theme/html/homex/webfonts/fa-solid-900.woff]
[unicoderbd.com/theme/html/homex/fonts/flaticon/Flaticon.woff2]
[unicoderbd.com/theme/html/homex/contact.html]
[unicoderbd.com/theme/html/homex/js/map/locations.js]
[unicoderbd.com/theme/html/homex/options.time.format is deprecated and replaced by options.time.parser. See http_/nnnick.github.io/Chart.js/docs-v2/index.html]
[unicoderbd.com/theme/html/homex/register.html]
[unicoderbd.com/theme/html/homex/js/map/property_single_1.html]
[unicoderbd.com/theme/html/homex/js/map/images/thumbnail/01.html]
[unicoderbd.com/theme/html/homex/js/map/images/map/house.html]
[unicoderbd.com/theme/html/homex/js/map/images/thumbnail/02.html]
[unicoderbd.com/theme/html/homex/js/map/images/thumbnail/03.html]
[unicoderbd.com/theme/html/homex/js/map/images/thumbnail/04.html]
[unicoderbd.com/theme/html/homex/js/map/images/thumbnail/05.html]
[unicoderbd.com/theme/html/homex/js/map/images/thumbnail/06.html]
